// Jest Snapshot v1, https://goo.gl/fbAQLP

exports[`Home renders PieChart unchanged 1`] = `
<div
  className="VictoryContainer"
  style={
    Object {
      "height": "100%",
      "pointerEvents": "none",
      "position": "relative",
      "touchAction": "none",
      "width": "100%",
    }
  }
>
  <svg
    height={400}
    role="img"
    style={
      Object {
        "height": "100%",
        "pointerEvents": "all",
        "width": "100%",
      }
    }
    viewBox="0 0 400 400"
    width={400}
  >
    <g>
      <path
        d="M9.184850993605149e-15,-150A150,150,0,0,1,148.9063311147081,18.08050203829844L0,0Z"
        role="presentation"
        shapeRendering="auto"
        style={
          Object {
            "fill": "red",
            "padding": 10,
            "stroke": "transparent",
            "strokeWidth": 1,
          }
        }
        transform="translate(200, 200)"
      />
      <path
        d="M148.9063311147081,18.08050203829844A150,150,0,0,1,-69.70847580656522,132.81840384798153L0,0Z"
        role="presentation"
        shapeRendering="auto"
        style={
          Object {
            "fill": "orange",
            "padding": 10,
            "stroke": "transparent",
            "strokeWidth": 1,
          }
        }
        transform="translate(200, 200)"
      />
      <path
        d="M-69.70847580656522,132.81840384798153A150,150,0,0,1,-2.7554552980815446e-14,-150L0,0Z"
        role="presentation"
        shapeRendering="auto"
        style={
          Object {
            "fill": "green",
            "padding": 10,
            "stroke": "transparent",
            "strokeWidth": 1,
          }
        }
        transform="translate(200, 200)"
      />
      <text
        direction="inherit"
        dx={0}
        id="pie-labels-0"
        x={327}
        y={91.97}
      >
        <tspan
          dx={0}
          dy={0}
          style={
            Object {
              "fill": "#252525",
              "fontFamily": "'Gill Sans', 'Seravek', 'Trebuchet MS', sans-serif",
              "fontSize": 14,
              "letterSpacing": "normal",
              "padding": 20,
              "stroke": "transparent",
            }
          }
          textAnchor="start"
          x={327}
        >
          Cats
        </tspan>
      </text>
      <text
        direction="inherit"
        dx={0}
        id="pie-labels-1"
        x={279}
        y={362.97}
      >
        <tspan
          dx={0}
          dy={0}
          style={
            Object {
              "fill": "#252525",
              "fontFamily": "'Gill Sans', 'Seravek', 'Trebuchet MS', sans-serif",
              "fontSize": 14,
              "letterSpacing": "normal",
              "padding": 20,
              "stroke": "transparent",
            }
          }
          textAnchor="middle"
          x={279}
        >
          Dogs
        </tspan>
      </text>
      <text
        direction="inherit"
        dx={0}
        id="pie-labels-2"
        x={35}
        y={163.97}
      >
        <tspan
          dx={0}
          dy={0}
          style={
            Object {
              "fill": "#252525",
              "fontFamily": "'Gill Sans', 'Seravek', 'Trebuchet MS', sans-serif",
              "fontSize": 14,
              "letterSpacing": "normal",
              "padding": 20,
              "stroke": "transparent",
            }
          }
          textAnchor="end"
          x={35}
        >
          Birds
        </tspan>
      </text>
    </g>
  </svg>
  <div
    style={
      Object {
        "height": "100%",
        "left": 0,
        "position": "absolute",
        "top": 0,
        "width": "100%",
        "zIndex": 99,
      }
    }
  >
    <svg
      height={400}
      style={
        Object {
          "height": "100%",
          "overflow": "visible",
          "width": "100%",
        }
      }
      viewBox="0 0 400 400"
      width={400}
    />
  </div>
</div>
`;
